2026-06-05 13:47:56 | DEBUG | P03 | No variables found in .env
2026-06-05 13:47:56 | INFO | P03 | === RUN START ===
2026-06-05 13:47:56 | INFO | P03 | project=P03
2026-06-05 13:47:56 | INFO | P03 | repo_dir=streaming-04-visualization
2026-06-05 13:47:56 | INFO | P03 | python=3.14.4
2026-06-05 13:47:57 | INFO | P03 | os=Windows 11
2026-06-05 13:47:57 | INFO | P03 | shell=powershell
2026-06-05 13:47:57 | INFO | P03 | cwd=.
2026-06-05 13:47:57 | INFO | P03 | github_actions=False
2026-06-05 13:47:57 | INFO | P03 | ========================
2026-06-05 13:47:57 | INFO | P03 | START producer main()
2026-06-05 13:47:57 | INFO | P03 | ========================
2026-06-05 13:47:57 | INFO | P03 | ROOT_DIR = .
2026-06-05 13:47:57 | INFO | P03 | DATA_DIR = data
2026-06-05 13:47:57 | INFO | P03 | SALES_CSV = data\sales.csv
2026-06-05 13:47:57 | INFO | P03 | REGIONS_CSV = data\regions.csv
2026-06-05 13:47:57 | INFO | P03 | PRODUCTS_CSV = data\products.csv
2026-06-05 13:47:57 | INFO | P03 | REJECTED_SALES_CSV = data\output\producer_rejected_sales.csv
2026-06-05 13:47:57 | INFO | P03 | ========================
2026-06-05 13:47:57 | INFO | P03 | SECTION A. Acquire
2026-06-05 13:47:57 | INFO | P03 | ========================
2026-06-05 13:47:57 | INFO | P03 | Loading settings from .env...
2026-06-05 13:47:57 | INFO | P03 | KAFKA_BOOTSTRAP_SERVERS           = localhost:9092
2026-06-05 13:47:57 | INFO | P03 | KAFKA_TOPIC                       = product-sales-case
2026-06-05 13:47:57 | INFO | P03 | PRODUCER_MESSAGE_COUNT            = 6
2026-06-05 13:47:57 | INFO | P03 | PRODUCER_MESSAGE_INTERVAL_SECONDS = 2.0
2026-06-05 13:47:57 | INFO | P03 | KAFKA_CLEAR_TOPIC_ON_START        = False
2026-06-05 13:47:57 | INFO | P03 | Verifying Kafka connection...
2026-06-05 13:47:57 | INFO | P03 | Kafka port is reachable.
2026-06-05 13:47:59 | INFO | P03 | Loading validation reference data...
2026-06-05 13:47:59 | INFO | P03 | Found 6 valid regions, 6 valid products.
2026-06-05 13:47:59 | INFO | P03 | ========================
2026-06-05 13:47:59 | INFO | P03 | SECTION P. Produce Messages
2026-06-05 13:47:59 | INFO | P03 | ========================
2026-06-05 13:47:59 | INFO | P03 | Initializing output...
2026-06-05 13:47:59 | INFO | P03 | Output directory ready: output
2026-06-05 13:47:59 | INFO | P03 | Sending messages...
2026-06-05 13:47:59 | INFO | P03 | Sending up to 6 message(s) to topic 'product-sales-case'.
2026-06-05 13:47:59 | INFO | P03 | Watch each sale arrive. Press CTRL+C to stop early.

2026-06-05 13:47:59 | INFO | P03 | {
  order_id: e7324981-a9f0-419f-b708-d0a333451fff
  datetime: 2026-05-04T08:11:00Z
  region_id: US-TX
  currency_code: USD
  product_id: PY-STREAM-005
  unit_price: 59.99
  quantity: 3
  is_online: true
  customer_id: CUST-4150
  is_new_customer: false
  device_type: tablet
  payment_method: paypal
  referral_source: paid_search
  discount_code: 
  customer_note: Gift for my team
}
2026-06-05 13:47:59 | INFO | P03 |   Sending message with key=US-TX
2026-06-05 13:48:04 | ERROR | P03 | !!!!!!!!!!!!!!!!!!!!!!!!!!!!!!!!!
The message was generated, but Kafka did not accept it.
Kafka did not confirm message delivery.
Details:
    KafkaError{code=_MSG_TIMED_OUT,val=-192,str="Local: Message timed out"}

CHECK:
1. Confirm Kafka is running.
2. Confirm the topic exists.
3. Confirm the broker is reachable at localhost:9092.
4. Try MANAGE_TOPIC.md to verify Kafka independently of Python.
!!!!!!!!!!!!!!!!!!!!!!!!!!!!!!!!!
2026-06-05 13:48:04 | ERROR | P03 | Producer stopped before completing all messages.
2026-06-05 13:54:34 | DEBUG | P03 | KAFKA_BOOTSTRAP_SERVERS           = localhost:9092
2026-06-05 13:54:34 | DEBUG | P03 | KAFKA_BROKER_ADDRESS_FAMILY       = v6
2026-06-05 13:54:34 | DEBUG | P03 | KAFKA_TOPIC                       = streaming-04-visualization-case
2026-06-05 13:54:34 | DEBUG | P03 | KAFKA_CLEAR_TOPIC_ON_START        = true
2026-06-05 13:54:34 | DEBUG | P03 | PRODUCER_MESSAGE_COUNT            = 3
2026-06-05 13:54:34 | DEBUG | P03 | PRODUCER_MESSAGE_INTERVAL_SECONDS = 2
2026-06-05 13:54:34 | DEBUG | P03 | PRODUCER_MAX_MESSAGES             = 50
2026-06-05 13:54:34 | DEBUG | P03 | PRODUCER_POLL_INTERVAL_SECONDS    = 15
2026-06-05 13:54:34 | DEBUG | P03 | KAFKA_GROUP_ID                    = streaming-consumer-group-A
2026-06-05 13:54:34 | DEBUG | P03 | KAFKA_AUTO_OFFSET_RESET           = earliest
2026-06-05 13:54:34 | DEBUG | P03 | CONSUMER_TIMEOUT_SECONDS          = 10
2026-06-05 13:54:34 | DEBUG | P03 | CONSUMER_MAX_MESSAGES             = 1000
2026-06-05 13:54:34 | INFO | P03 | === RUN START ===
2026-06-05 13:54:34 | INFO | P03 | project=P03
2026-06-05 13:54:34 | INFO | P03 | repo_dir=streaming-04-visualization
2026-06-05 13:54:34 | INFO | P03 | python=3.14.4
2026-06-05 13:54:34 | INFO | P03 | os=Windows 11
2026-06-05 13:54:34 | INFO | P03 | shell=powershell
2026-06-05 13:54:34 | INFO | P03 | cwd=.
2026-06-05 13:54:34 | INFO | P03 | github_actions=False
2026-06-05 13:54:34 | INFO | P03 | ========================
2026-06-05 13:54:34 | INFO | P03 | START producer main()
2026-06-05 13:54:34 | INFO | P03 | ========================
2026-06-05 13:54:34 | INFO | P03 | ROOT_DIR = .
2026-06-05 13:54:34 | INFO | P03 | DATA_DIR = data
2026-06-05 13:54:34 | INFO | P03 | SALES_CSV = data\sales.csv
2026-06-05 13:54:34 | INFO | P03 | REGIONS_CSV = data\regions.csv
2026-06-05 13:54:34 | INFO | P03 | PRODUCTS_CSV = data\products.csv
2026-06-05 13:54:34 | INFO | P03 | REJECTED_SALES_CSV = data\output\producer_rejected_sales.csv
2026-06-05 13:54:34 | INFO | P03 | ========================
2026-06-05 13:54:34 | INFO | P03 | SECTION A. Acquire
2026-06-05 13:54:34 | INFO | P03 | ========================
2026-06-05 13:54:34 | INFO | P03 | Loading settings from .env...
2026-06-05 13:54:34 | INFO | P03 | KAFKA_BOOTSTRAP_SERVERS           = localhost:9092
2026-06-05 13:54:34 | INFO | P03 | KAFKA_TOPIC                       = streaming-04-visualization-case
2026-06-05 13:54:34 | INFO | P03 | PRODUCER_MESSAGE_COUNT            = 3
2026-06-05 13:54:34 | INFO | P03 | PRODUCER_MESSAGE_INTERVAL_SECONDS = 2.0
2026-06-05 13:54:34 | INFO | P03 | KAFKA_CLEAR_TOPIC_ON_START        = True
2026-06-05 13:54:34 | INFO | P03 | Verifying Kafka connection...
2026-06-05 13:54:34 | INFO | P03 | Kafka port is reachable.
2026-06-05 13:54:44 | INFO | P03 | Loading validation reference data...
2026-06-05 13:54:44 | INFO | P03 | Found 6 valid regions, 6 valid products.
2026-06-05 13:54:44 | INFO | P03 | ========================
2026-06-05 13:54:44 | INFO | P03 | SECTION P. Produce Messages
2026-06-05 13:54:44 | INFO | P03 | ========================
2026-06-05 13:54:44 | INFO | P03 | Initializing output...
2026-06-05 13:54:44 | INFO | P03 | Output directory ready: output
2026-06-05 13:54:44 | INFO | P03 | Sending messages...
2026-06-05 13:54:44 | INFO | P03 | Sending up to 3 message(s) to topic 'streaming-04-visualization-case'.
2026-06-05 13:54:44 | INFO | P03 | Watch each sale arrive. Press CTRL+C to stop early.

2026-06-05 13:54:44 | INFO | P03 | {
  order_id: e7324981-a9f0-419f-b708-d0a333451fff
  datetime: 2026-05-04T08:11:00Z
  region_id: US-TX
  currency_code: USD
  product_id: PY-STREAM-005
  unit_price: 59.99
  quantity: 3
  is_online: true
  customer_id: CUST-4150
  is_new_customer: false
  device_type: tablet
  payment_method: paypal
  referral_source: paid_search
  discount_code: 
  customer_note: Gift for my team
}
2026-06-05 13:54:44 | INFO | P03 |   Sending message with key=US-TX
2026-06-05 13:54:44 | INFO | P03 |   MESSAGE SENT  sent=1
2026-06-05 13:54:46 | INFO | P03 | {
  order_id: d61943e0-f543-4b5f-9c9a-18605ea4cfe5
  datetime: 2026-05-04T08:23:00Z
  region_id: US-TX
  currency_code: USD
  product_id: PY-DATA-002
  unit_price: 49.99
  quantity: 1
  is_online: true
  customer_id: CUST-1106
  is_new_customer: false
  device_type: mobile
  payment_method: paypal
  referral_source: paid_search
  discount_code: 
  customer_note: Gift for my team
}
2026-06-05 13:54:46 | INFO | P03 |   Sending message with key=US-TX
2026-06-05 13:54:46 | INFO | P03 |   MESSAGE SENT  sent=2
2026-06-05 13:54:48 | INFO | P03 | {
  order_id: 14da1915-8e74-47be-9e10-f7275d31af46
  datetime: 2026-05-04T08:28:00Z
  region_id: CA-QC
  currency_code: CAD
  product_id: PY-NLP-006
  unit_price: 54.99
  quantity: 1
  is_online: true
  customer_id: CUST-2133
  is_new_customer: false
  device_type: desktop
  payment_method: paypal
  referral_source: organic
  discount_code: 
  customer_note: Learning at my own pace
}
2026-06-05 13:54:48 | INFO | P03 |   Sending message with key=CA-QC
2026-06-05 13:54:48 | INFO | P03 |   MESSAGE SENT  sent=3
2026-06-05 13:54:50 | INFO | P03 | Checking for rejected records...
2026-06-05 13:54:50 | INFO | P03 |   No records rejected.
2026-06-05 13:54:50 | INFO | P03 | ========================
2026-06-05 13:54:50 | INFO | P03 | SECTION E. Exit
2026-06-05 13:54:50 | INFO | P03 | ========================
2026-06-05 13:54:50 | INFO | P03 | Summary:
2026-06-05 13:54:50 | INFO | P03 | Sent 3 message(s) to topic 'streaming-04-visualization-case'.
2026-06-05 13:54:50 | INFO | P03 | Rejected 0 message(s).
2026-06-05 13:54:50 | INFO | P03 | ========================
2026-06-05 13:54:50 | INFO | P03 | Producer executed successfully!
2026-06-05 13:54:50 | INFO | P03 | ========================
2026-06-05 13:55:54 | DEBUG | C04 | KAFKA_BOOTSTRAP_SERVERS           = localhost:9092
2026-06-05 13:55:54 | DEBUG | C04 | KAFKA_BROKER_ADDRESS_FAMILY       = v6
2026-06-05 13:55:54 | DEBUG | C04 | KAFKA_TOPIC                       = streaming-04-visualization-case
2026-06-05 13:55:54 | DEBUG | C04 | KAFKA_CLEAR_TOPIC_ON_START        = true
2026-06-05 13:55:54 | DEBUG | C04 | PRODUCER_MESSAGE_COUNT            = 3
2026-06-05 13:55:54 | DEBUG | C04 | PRODUCER_MESSAGE_INTERVAL_SECONDS = 2
2026-06-05 13:55:54 | DEBUG | C04 | PRODUCER_MAX_MESSAGES             = 50
2026-06-05 13:55:54 | DEBUG | C04 | PRODUCER_POLL_INTERVAL_SECONDS    = 15
2026-06-05 13:55:54 | DEBUG | C04 | KAFKA_GROUP_ID                    = streaming-consumer-group-A
2026-06-05 13:55:54 | DEBUG | C04 | KAFKA_AUTO_OFFSET_RESET           = earliest
2026-06-05 13:55:54 | DEBUG | C04 | CONSUMER_TIMEOUT_SECONDS          = 10
2026-06-05 13:55:54 | DEBUG | C04 | CONSUMER_MAX_MESSAGES             = 1000
2026-06-05 13:55:54 | INFO | C04 | === RUN START ===
2026-06-05 13:55:54 | INFO | C04 | project=C04
2026-06-05 13:55:54 | INFO | C04 | repo_dir=streaming-04-visualization
2026-06-05 13:55:54 | INFO | C04 | python=3.14.4
2026-06-05 13:55:54 | INFO | C04 | os=Windows 11
2026-06-05 13:55:54 | INFO | C04 | shell=powershell
2026-06-05 13:55:54 | INFO | C04 | cwd=.
2026-06-05 13:55:54 | INFO | C04 | github_actions=False
2026-06-05 13:55:54 | INFO | C04 | ========================
2026-06-05 13:55:54 | INFO | C04 | START consumer main()
2026-06-05 13:55:54 | INFO | C04 | ========================
2026-06-05 13:55:54 | INFO | C04 | ROOT_DIR = .
2026-06-05 13:55:54 | INFO | C04 | DATA_DIR = data
2026-06-05 13:55:54 | INFO | C04 | OUTPUT_CSV = data\output\consumed_sales.csv
2026-06-05 13:55:54 | INFO | C04 | OUTPUT_CHART = data\output\sales_chart_case.png
2026-06-05 13:55:54 | INFO | C04 | REGIONS_CSV = data\regions.csv
2026-06-05 13:55:54 | INFO | C04 | PRODUCTS_CSV = data\products.csv
2026-06-05 13:55:54 | INFO | C04 | CURRENCIES_CSV = data\currencies.csv
2026-06-05 13:55:54 | INFO | C04 | DISCOUNT_CODES_CSV = data\discount_codes.csv
2026-06-05 13:55:54 | INFO | C04 | ========================
2026-06-05 13:55:54 | INFO | C04 | SECTION A. Acquire
2026-06-05 13:55:54 | INFO | C04 | ========================
2026-06-05 13:55:54 | INFO | C04 | Loading settings from .env...
2026-06-05 13:55:54 | INFO | C04 | KAFKA_BOOTSTRAP_SERVERS  = localhost:9092
2026-06-05 13:55:54 | INFO | C04 | KAFKA_TOPIC              = streaming-04-visualization-case
2026-06-05 13:55:54 | INFO | C04 | KAFKA_GROUP_ID           = streaming-consumer-group-A
2026-06-05 13:55:54 | INFO | C04 | CONSUMER_TIMEOUT_SECONDS = 10.0
2026-06-05 13:55:54 | INFO | C04 | CONSUMER_MAX_MESSAGES    = 1000
2026-06-05 13:55:54 | INFO | C04 | Verifying Kafka connection...
2026-06-05 13:55:54 | INFO | C04 | Kafka port is reachable.
2026-06-05 13:55:54 | INFO | C04 | Verifying Kafka topic...
2026-06-05 13:55:58 | INFO | C04 | Topic 'streaming-04-visualization-case' exists.
2026-06-05 13:55:58 | INFO | C04 | Found 3 message(s) available.
2026-06-05 13:55:58 | INFO | C04 | Creating Kafka consumer...
2026-06-05 13:55:58 | INFO | C04 | Subscribed to topic: 'streaming-04-visualization-case' (reading from beginning)
2026-06-05 13:55:58 | INFO | C04 | ========================
2026-06-05 13:55:58 | INFO | C04 | SECTION C. Consume and Process Messages
2026-06-05 13:55:58 | INFO | C04 | ========================
2026-06-05 13:55:58 | INFO | C04 | Initializing output...
2026-06-05 13:55:58 | INFO | C04 | Output CSV cleared: consumed_sales.csv
2026-06-05 13:56:00 | INFO | C04 | Live chart initialized.
2026-06-05 13:56:00 | INFO | C04 | Loading enrichment reference data...
2026-06-05 13:56:00 | INFO | C04 | Found 6 region tax rates.
2026-06-05 13:56:00 | INFO | C04 | Consuming messages...
2026-06-05 13:56:00 | INFO | C04 | Waiting for up to 1000 message(s).
2026-06-05 13:56:00 | INFO | C04 | Press CTRL+C to stop early.

2026-06-05 13:56:04 | INFO | C04 | {'currency_code': 'USD', 'customer_id': 'CUST-4150', 'customer_note': 'Gift for my team', 'datetime': '2026-05-04T08:11:00Z', 'device_type': 'tablet', 'discount_code': '', 'is_new_customer': 'false', 'is_online': 'true', 'order_id': 'e7324981-a9f0-419f-b708-d0a333451fff', 'payment_method': 'paypal', 'product_id': 'PY-STREAM-005', 'quantity': '3', 'referral_source': 'paid_search', 'region_id': 'US-TX', 'unit_price': '59.99', '_kafka_key': 'US-TX', '_kafka_partition': 0, '_kafka_offset': 0}
2026-06-05 13:56:04 | INFO | C04 | subtotal=179.97
2026-06-05 13:56:04 | INFO | C04 | tax=14.85
2026-06-05 13:56:04 | INFO | C04 | total=194.82
2026-06-05 13:56:04 | INFO | C04 | running_total=194.82
2026-06-05 13:56:05 | INFO | C04 | MESSAGE ACCEPTED
2026-06-05 13:56:05 | INFO | C04 | order=e7324981-a9f0-419f-b708-d0a333451fff
2026-06-05 13:56:05 | INFO | C04 | total=$194.82
2026-06-05 13:56:05 | INFO | C04 | consumed=1
2026-06-05 13:56:05 | INFO | C04 | RUNNING STATS
2026-06-05 13:56:05 | INFO | C04 | total_sales=$194.82
2026-06-05 13:56:05 | INFO | C04 | average=$194.82
2026-06-05 13:56:05 | INFO | C04 | min=$194.82
2026-06-05 13:56:05 | INFO | C04 | max=$194.82
2026-06-05 13:56:05 | INFO | C04 | {'currency_code': 'USD', 'customer_id': 'CUST-1106', 'customer_note': 'Gift for my team', 'datetime': '2026-05-04T08:23:00Z', 'device_type': 'mobile', 'discount_code': '', 'is_new_customer': 'false', 'is_online': 'true', 'order_id': 'd61943e0-f543-4b5f-9c9a-18605ea4cfe5', 'payment_method': 'paypal', 'product_id': 'PY-DATA-002', 'quantity': '1', 'referral_source': 'paid_search', 'region_id': 'US-TX', 'unit_price': '49.99', '_kafka_key': 'US-TX', '_kafka_partition': 0, '_kafka_offset': 1}
2026-06-05 13:56:05 | INFO | C04 | subtotal=49.99
2026-06-05 13:56:05 | INFO | C04 | tax=4.12
2026-06-05 13:56:05 | INFO | C04 | total=54.11
2026-06-05 13:56:05 | INFO | C04 | running_total=248.93
2026-06-05 13:56:05 | INFO | C04 | MESSAGE ACCEPTED
2026-06-05 13:56:05 | INFO | C04 | order=d61943e0-f543-4b5f-9c9a-18605ea4cfe5
2026-06-05 13:56:05 | INFO | C04 | total=$54.11
2026-06-05 13:56:05 | INFO | C04 | consumed=2
2026-06-05 13:56:05 | INFO | C04 | RUNNING STATS
2026-06-05 13:56:05 | INFO | C04 | total_sales=$248.93
2026-06-05 13:56:05 | INFO | C04 | average=$124.47
2026-06-05 13:56:05 | INFO | C04 | min=$54.11
2026-06-05 13:56:05 | INFO | C04 | max=$194.82
2026-06-05 13:56:05 | INFO | C04 | {'currency_code': 'CAD', 'customer_id': 'CUST-2133', 'customer_note': 'Learning at my own pace', 'datetime': '2026-05-04T08:28:00Z', 'device_type': 'desktop', 'discount_code': '', 'is_new_customer': 'false', 'is_online': 'true', 'order_id': '14da1915-8e74-47be-9e10-f7275d31af46', 'payment_method': 'paypal', 'product_id': 'PY-NLP-006', 'quantity': '1', 'referral_source': 'organic', 'region_id': 'CA-QC', 'unit_price': '54.99', '_kafka_key': 'CA-QC', '_kafka_partition': 0, '_kafka_offset': 2}
2026-06-05 13:56:05 | INFO | C04 | subtotal=54.99
2026-06-05 13:56:05 | INFO | C04 | tax=8.23
2026-06-05 13:56:05 | INFO | C04 | total=63.22
2026-06-05 13:56:05 | INFO | C04 | running_total=312.15
2026-06-05 13:56:05 | INFO | C04 | MESSAGE ACCEPTED
2026-06-05 13:56:05 | INFO | C04 | order=14da1915-8e74-47be-9e10-f7275d31af46
2026-06-05 13:56:05 | INFO | C04 | total=$63.22
2026-06-05 13:56:05 | INFO | C04 | consumed=3
2026-06-05 13:56:05 | INFO | C04 | RUNNING STATS
2026-06-05 13:56:05 | INFO | C04 | total_sales=$312.15
2026-06-05 13:56:05 | INFO | C04 | average=$104.05
2026-06-05 13:56:05 | INFO | C04 | min=$54.11
2026-06-05 13:56:05 | INFO | C04 | max=$194.82
2026-06-05 13:56:15 | INFO | C04 | No message received within 10.0s timeout.
2026-06-05 13:56:15 | INFO | C04 | Producer finished or paused. Stopping consumer.
2026-06-05 13:56:15 | INFO | C04 | Kafka consumer closed.
2026-06-05 13:56:15 | INFO | C04 | Saving artifacts...
2026-06-05 13:56:16 | INFO | C04 | WROTE OUTPUT_CHART = data\output\sales_chart_case.png
2026-06-05 13:56:16 | INFO | C04 | WROTE OUTPUT_CSV = data\output\consumed_sales.csv
2026-06-05 13:56:16 | INFO | C04 | Live chart closed.
2026-06-05 13:56:16 | INFO | C04 | ========================
2026-06-05 13:56:16 | INFO | C04 | SECTION E. Exit
2026-06-05 13:56:16 | INFO | C04 | ========================
2026-06-05 13:56:16 | INFO | C04 | Summary:
2026-06-05 13:56:16 | INFO | C04 | Consumed 3 message(s) from topic 'streaming-04-visualization-case'.
2026-06-05 13:56:16 | INFO | C04 | Skipped  0 message(s).
2026-06-05 13:56:16 | INFO | C04 | OUTPUT_CSV = data\output\consumed_sales.csv
2026-06-05 13:56:16 | INFO | C04 | OUTPUT_CHART = data\output\sales_chart_case.png
2026-06-05 13:56:16 | INFO | C04 |   Total sales:  $312.15
2026-06-05 13:56:16 | INFO | C04 |   Average sale: $104.05
2026-06-05 13:56:16 | INFO | C04 |   Minimum sale: $54.11
2026-06-05 13:56:16 | INFO | C04 |   Maximum sale: $194.82
2026-06-05 13:56:16 | INFO | C04 | ========================
2026-06-05 13:56:16 | INFO | C04 | Consumer executed successfully!
2026-06-05 13:56:16 | INFO | C04 | ========================
2026-06-05 21:54:57 | DEBUG | P03 | KAFKA_BOOTSTRAP_SERVERS           = localhost:9092
2026-06-05 21:54:57 | DEBUG | P03 | KAFKA_BROKER_ADDRESS_FAMILY       = v6
2026-06-05 21:54:57 | DEBUG | P03 | KAFKA_TOPIC                       = streaming-04-visualization-case
2026-06-05 21:54:57 | DEBUG | P03 | KAFKA_CLEAR_TOPIC_ON_START        = true
2026-06-05 21:54:57 | DEBUG | P03 | PRODUCER_MESSAGE_COUNT            = 3
2026-06-05 21:54:57 | DEBUG | P03 | PRODUCER_MESSAGE_INTERVAL_SECONDS = 2
2026-06-05 21:54:57 | DEBUG | P03 | PRODUCER_MAX_MESSAGES             = 50
2026-06-05 21:54:57 | DEBUG | P03 | PRODUCER_POLL_INTERVAL_SECONDS    = 15
2026-06-05 21:54:57 | DEBUG | P03 | KAFKA_GROUP_ID                    = streaming-consumer-group-A
2026-06-05 21:54:57 | DEBUG | P03 | KAFKA_AUTO_OFFSET_RESET           = earliest
2026-06-05 21:54:57 | DEBUG | P03 | CONSUMER_TIMEOUT_SECONDS          = 10
2026-06-05 21:54:57 | DEBUG | P03 | CONSUMER_MAX_MESSAGES             = 1000
2026-06-05 21:54:57 | INFO | P03 | === RUN START ===
2026-06-05 21:54:57 | INFO | P03 | project=P03
2026-06-05 21:54:57 | INFO | P03 | repo_dir=streaming-04-visualization
2026-06-05 21:54:57 | INFO | P03 | python=3.14.4
2026-06-05 21:54:57 | INFO | P03 | os=Windows 11
2026-06-05 21:54:57 | INFO | P03 | shell=powershell
2026-06-05 21:54:57 | INFO | P03 | cwd=.
2026-06-05 21:54:57 | INFO | P03 | github_actions=False
2026-06-05 21:54:57 | INFO | P03 | ========================
2026-06-05 21:54:57 | INFO | P03 | START producer main()
2026-06-05 21:54:57 | INFO | P03 | ========================
2026-06-05 21:54:57 | INFO | P03 | ROOT_DIR = .
2026-06-05 21:54:57 | INFO | P03 | DATA_DIR = data
2026-06-05 21:54:57 | INFO | P03 | SALES_CSV = data\sales.csv
2026-06-05 21:54:57 | INFO | P03 | REGIONS_CSV = data\regions.csv
2026-06-05 21:54:57 | INFO | P03 | PRODUCTS_CSV = data\products.csv
2026-06-05 21:54:57 | INFO | P03 | REJECTED_SALES_CSV = data\output\producer_rejected_sales.csv
2026-06-05 21:54:57 | INFO | P03 | ========================
2026-06-05 21:54:57 | INFO | P03 | SECTION A. Acquire
2026-06-05 21:54:57 | INFO | P03 | ========================
2026-06-05 21:54:57 | INFO | P03 | Loading settings from .env...
2026-06-05 21:54:57 | INFO | P03 | KAFKA_BOOTSTRAP_SERVERS           = localhost:9092
2026-06-05 21:54:57 | INFO | P03 | KAFKA_TOPIC                       = streaming-04-visualization-case
2026-06-05 21:54:57 | INFO | P03 | PRODUCER_MESSAGE_COUNT            = 3
2026-06-05 21:54:57 | INFO | P03 | PRODUCER_MESSAGE_INTERVAL_SECONDS = 2.0
2026-06-05 21:54:57 | INFO | P03 | KAFKA_CLEAR_TOPIC_ON_START        = True
2026-06-05 21:54:57 | INFO | P03 | Verifying Kafka connection...
2026-06-05 21:54:57 | INFO | P03 | Kafka port is reachable.
2026-06-05 21:55:00 | INFO | P03 | Loading validation reference data...
2026-06-05 21:55:00 | INFO | P03 | Found 6 valid regions, 6 valid products.
2026-06-05 21:55:00 | INFO | P03 | ========================
2026-06-05 21:55:00 | INFO | P03 | SECTION P. Produce Messages
2026-06-05 21:55:00 | INFO | P03 | ========================
2026-06-05 21:55:00 | INFO | P03 | Initializing output...
2026-06-05 21:55:00 | INFO | P03 | Output directory ready: output
2026-06-05 21:55:00 | INFO | P03 | Sending messages...
2026-06-05 21:55:00 | INFO | P03 | Sending up to 3 message(s) to topic 'streaming-04-visualization-case'.
2026-06-05 21:55:00 | INFO | P03 | Watch each sale arrive. Press CTRL+C to stop early.

2026-06-05 21:55:00 | INFO | P03 | {
  order_id: e7324981-a9f0-419f-b708-d0a333451fff
  datetime: 2026-05-04T08:11:00Z
  region_id: US-TX
  currency_code: USD
  product_id: PY-STREAM-005
  unit_price: 59.99
  quantity: 3
  is_online: true
  customer_id: CUST-4150
  is_new_customer: false
  device_type: tablet
  payment_method: paypal
  referral_source: paid_search
  discount_code: 
  customer_note: Gift for my team
}
2026-06-05 21:55:00 | INFO | P03 |   Sending message with key=US-TX
2026-06-05 21:55:00 | INFO | P03 |   MESSAGE SENT  sent=1
2026-06-05 21:55:02 | INFO | P03 | {
  order_id: d61943e0-f543-4b5f-9c9a-18605ea4cfe5
  datetime: 2026-05-04T08:23:00Z
  region_id: US-TX
  currency_code: USD
  product_id: PY-DATA-002
  unit_price: 49.99
  quantity: 1
  is_online: true
  customer_id: CUST-1106
  is_new_customer: false
  device_type: mobile
  payment_method: paypal
  referral_source: paid_search
  discount_code: 
  customer_note: Gift for my team
}
2026-06-05 21:55:02 | INFO | P03 |   Sending message with key=US-TX
2026-06-05 21:55:02 | INFO | P03 |   MESSAGE SENT  sent=2
2026-06-05 21:55:04 | INFO | P03 | {
  order_id: 14da1915-8e74-47be-9e10-f7275d31af46
  datetime: 2026-05-04T08:28:00Z
  region_id: CA-QC
  currency_code: CAD
  product_id: PY-NLP-006
  unit_price: 54.99
  quantity: 1
  is_online: true
  customer_id: CUST-2133
  is_new_customer: false
  device_type: desktop
  payment_method: paypal
  referral_source: organic
  discount_code: 
  customer_note: Learning at my own pace
}
2026-06-05 21:55:04 | INFO | P03 |   Sending message with key=CA-QC
2026-06-05 21:55:04 | INFO | P03 |   MESSAGE SENT  sent=3
2026-06-05 21:55:06 | INFO | P03 | Checking for rejected records...
2026-06-05 21:55:06 | INFO | P03 |   No records rejected.
2026-06-05 21:55:06 | INFO | P03 | ========================
2026-06-05 21:55:06 | INFO | P03 | SECTION E. Exit
2026-06-05 21:55:06 | INFO | P03 | ========================
2026-06-05 21:55:06 | INFO | P03 | Summary:
2026-06-05 21:55:06 | INFO | P03 | Sent 3 message(s) to topic 'streaming-04-visualization-case'.
2026-06-05 21:55:06 | INFO | P03 | Rejected 0 message(s).
2026-06-05 21:55:06 | INFO | P03 | ========================
2026-06-05 21:55:06 | INFO | P03 | Producer executed successfully!
2026-06-05 21:55:06 | INFO | P03 | ========================
2026-06-05 21:55:21 | DEBUG | C04 | KAFKA_BOOTSTRAP_SERVERS           = localhost:9092
2026-06-05 21:55:21 | DEBUG | C04 | KAFKA_BROKER_ADDRESS_FAMILY       = v6
2026-06-05 21:55:21 | DEBUG | C04 | KAFKA_TOPIC                       = streaming-04-visualization-case
2026-06-05 21:55:21 | DEBUG | C04 | KAFKA_CLEAR_TOPIC_ON_START        = true
2026-06-05 21:55:21 | DEBUG | C04 | PRODUCER_MESSAGE_COUNT            = 3
2026-06-05 21:55:21 | DEBUG | C04 | PRODUCER_MESSAGE_INTERVAL_SECONDS = 2
2026-06-05 21:55:21 | DEBUG | C04 | PRODUCER_MAX_MESSAGES             = 50
2026-06-05 21:55:21 | DEBUG | C04 | PRODUCER_POLL_INTERVAL_SECONDS    = 15
2026-06-05 21:55:21 | DEBUG | C04 | KAFKA_GROUP_ID                    = streaming-consumer-group-A
2026-06-05 21:55:21 | DEBUG | C04 | KAFKA_AUTO_OFFSET_RESET           = earliest
2026-06-05 21:55:21 | DEBUG | C04 | CONSUMER_TIMEOUT_SECONDS          = 10
2026-06-05 21:55:21 | DEBUG | C04 | CONSUMER_MAX_MESSAGES             = 1000
2026-06-05 21:55:21 | INFO | C04 | === RUN START ===
2026-06-05 21:55:21 | INFO | C04 | project=C04
2026-06-05 21:55:21 | INFO | C04 | repo_dir=streaming-04-visualization
2026-06-05 21:55:21 | INFO | C04 | python=3.14.4
2026-06-05 21:55:21 | INFO | C04 | os=Windows 11
2026-06-05 21:55:21 | INFO | C04 | shell=powershell
2026-06-05 21:55:21 | INFO | C04 | cwd=.
2026-06-05 21:55:21 | INFO | C04 | github_actions=False
2026-06-05 21:55:21 | INFO | C04 | ========================
2026-06-05 21:55:21 | INFO | C04 | START consumer main()
2026-06-05 21:55:21 | INFO | C04 | ========================
2026-06-05 21:55:21 | INFO | C04 | ROOT_DIR = .
2026-06-05 21:55:21 | INFO | C04 | DATA_DIR = data
2026-06-05 21:55:21 | INFO | C04 | OUTPUT_CSV = data\output\consumed_sales.csv
2026-06-05 21:55:21 | INFO | C04 | OUTPUT_CHART = data\output\sales_chart_case.png
2026-06-05 21:55:21 | INFO | C04 | REGIONS_CSV = data\regions.csv
2026-06-05 21:55:21 | INFO | C04 | PRODUCTS_CSV = data\products.csv
2026-06-05 21:55:21 | INFO | C04 | CURRENCIES_CSV = data\currencies.csv
2026-06-05 21:55:21 | INFO | C04 | DISCOUNT_CODES_CSV = data\discount_codes.csv
2026-06-05 21:55:21 | INFO | C04 | ========================
2026-06-05 21:55:21 | INFO | C04 | SECTION A. Acquire
2026-06-05 21:55:21 | INFO | C04 | ========================
2026-06-05 21:55:21 | INFO | C04 | Loading settings from .env...
2026-06-05 21:55:21 | INFO | C04 | KAFKA_BOOTSTRAP_SERVERS  = localhost:9092
2026-06-05 21:55:21 | INFO | C04 | KAFKA_TOPIC              = streaming-04-visualization-case
2026-06-05 21:55:21 | INFO | C04 | KAFKA_GROUP_ID           = streaming-consumer-group-A
2026-06-05 21:55:21 | INFO | C04 | CONSUMER_TIMEOUT_SECONDS = 10.0
2026-06-05 21:55:21 | INFO | C04 | CONSUMER_MAX_MESSAGES    = 1000
2026-06-05 21:55:21 | INFO | C04 | Verifying Kafka connection...
2026-06-05 21:55:21 | INFO | C04 | Kafka port is reachable.
2026-06-05 21:55:21 | INFO | C04 | Verifying Kafka topic...
2026-06-05 21:55:22 | INFO | C04 | Topic 'streaming-04-visualization-case' exists.
2026-06-05 21:55:22 | INFO | C04 | Found 3 message(s) available.
2026-06-05 21:55:22 | INFO | C04 | Creating Kafka consumer...
2026-06-05 21:55:22 | INFO | C04 | Subscribed to topic: 'streaming-04-visualization-case' (reading from beginning)
2026-06-05 21:55:22 | INFO | C04 | ========================
2026-06-05 21:55:22 | INFO | C04 | SECTION C. Consume and Process Messages
2026-06-05 21:55:22 | INFO | C04 | ========================
2026-06-05 21:55:22 | INFO | C04 | Initializing output...
2026-06-05 21:55:22 | INFO | C04 | Output CSV cleared: consumed_sales.csv
2026-06-05 21:55:22 | INFO | C04 | Live chart initialized.
2026-06-05 21:55:22 | INFO | C04 | Loading enrichment reference data...
2026-06-05 21:55:22 | INFO | C04 | Found 6 region tax rates.
2026-06-05 21:55:22 | INFO | C04 | Consuming messages...
2026-06-05 21:55:22 | INFO | C04 | Waiting for up to 1000 message(s).
2026-06-05 21:55:22 | INFO | C04 | Press CTRL+C to stop early.

2026-06-05 21:55:25 | INFO | C04 | {'currency_code': 'USD', 'customer_id': 'CUST-4150', 'customer_note': 'Gift for my team', 'datetime': '2026-05-04T08:11:00Z', 'device_type': 'tablet', 'discount_code': '', 'is_new_customer': 'false', 'is_online': 'true', 'order_id': 'e7324981-a9f0-419f-b708-d0a333451fff', 'payment_method': 'paypal', 'product_id': 'PY-STREAM-005', 'quantity': '3', 'referral_source': 'paid_search', 'region_id': 'US-TX', 'unit_price': '59.99', '_kafka_key': 'US-TX', '_kafka_partition': 0, '_kafka_offset': 0}
2026-06-05 21:55:25 | INFO | C04 | subtotal=179.97
2026-06-05 21:55:25 | INFO | C04 | tax=14.85
2026-06-05 21:55:25 | INFO | C04 | total=194.82
2026-06-05 21:55:25 | INFO | C04 | running_total=194.82
2026-06-05 21:55:25 | INFO | C04 | MESSAGE ACCEPTED
2026-06-05 21:55:25 | INFO | C04 | order=e7324981-a9f0-419f-b708-d0a333451fff
2026-06-05 21:55:25 | INFO | C04 | total=$194.82
2026-06-05 21:55:25 | INFO | C04 | consumed=1
2026-06-05 21:55:25 | INFO | C04 | RUNNING STATS
2026-06-05 21:55:25 | INFO | C04 | total_sales=$194.82
2026-06-05 21:55:25 | INFO | C04 | average=$194.82
2026-06-05 21:55:25 | INFO | C04 | min=$194.82
2026-06-05 21:55:25 | INFO | C04 | max=$194.82
2026-06-05 21:55:25 | INFO | C04 | {'currency_code': 'USD', 'customer_id': 'CUST-1106', 'customer_note': 'Gift for my team', 'datetime': '2026-05-04T08:23:00Z', 'device_type': 'mobile', 'discount_code': '', 'is_new_customer': 'false', 'is_online': 'true', 'order_id': 'd61943e0-f543-4b5f-9c9a-18605ea4cfe5', 'payment_method': 'paypal', 'product_id': 'PY-DATA-002', 'quantity': '1', 'referral_source': 'paid_search', 'region_id': 'US-TX', 'unit_price': '49.99', '_kafka_key': 'US-TX', '_kafka_partition': 0, '_kafka_offset': 1}
2026-06-05 21:55:25 | INFO | C04 | subtotal=49.99
2026-06-05 21:55:25 | INFO | C04 | tax=4.12
2026-06-05 21:55:25 | INFO | C04 | total=54.11
2026-06-05 21:55:25 | INFO | C04 | running_total=248.93
2026-06-05 21:55:25 | INFO | C04 | MESSAGE ACCEPTED
2026-06-05 21:55:25 | INFO | C04 | order=d61943e0-f543-4b5f-9c9a-18605ea4cfe5
2026-06-05 21:55:25 | INFO | C04 | total=$54.11
2026-06-05 21:55:25 | INFO | C04 | consumed=2
2026-06-05 21:55:25 | INFO | C04 | RUNNING STATS
2026-06-05 21:55:25 | INFO | C04 | total_sales=$248.93
2026-06-05 21:55:25 | INFO | C04 | average=$124.47
2026-06-05 21:55:25 | INFO | C04 | min=$54.11
2026-06-05 21:55:25 | INFO | C04 | max=$194.82
2026-06-05 21:55:25 | INFO | C04 | {'currency_code': 'CAD', 'customer_id': 'CUST-2133', 'customer_note': 'Learning at my own pace', 'datetime': '2026-05-04T08:28:00Z', 'device_type': 'desktop', 'discount_code': '', 'is_new_customer': 'false', 'is_online': 'true', 'order_id': '14da1915-8e74-47be-9e10-f7275d31af46', 'payment_method': 'paypal', 'product_id': 'PY-NLP-006', 'quantity': '1', 'referral_source': 'organic', 'region_id': 'CA-QC', 'unit_price': '54.99', '_kafka_key': 'CA-QC', '_kafka_partition': 0, '_kafka_offset': 2}
2026-06-05 21:55:25 | INFO | C04 | subtotal=54.99
2026-06-05 21:55:25 | INFO | C04 | tax=8.23
2026-06-05 21:55:25 | INFO | C04 | total=63.22
2026-06-05 21:55:25 | INFO | C04 | running_total=312.15
2026-06-05 21:55:26 | INFO | C04 | MESSAGE ACCEPTED
2026-06-05 21:55:26 | INFO | C04 | order=14da1915-8e74-47be-9e10-f7275d31af46
2026-06-05 21:55:26 | INFO | C04 | total=$63.22
2026-06-05 21:55:26 | INFO | C04 | consumed=3
2026-06-05 21:55:26 | INFO | C04 | RUNNING STATS
2026-06-05 21:55:26 | INFO | C04 | total_sales=$312.15
2026-06-05 21:55:26 | INFO | C04 | average=$104.05
2026-06-05 21:55:26 | INFO | C04 | min=$54.11
2026-06-05 21:55:26 | INFO | C04 | max=$194.82
2026-06-05 21:55:36 | INFO | C04 | No message received within 10.0s timeout.
2026-06-05 21:55:36 | INFO | C04 | Producer finished or paused. Stopping consumer.
2026-06-05 21:55:36 | INFO | C04 | Kafka consumer closed.
2026-06-05 21:55:36 | INFO | C04 | Saving artifacts...
2026-06-05 21:55:36 | INFO | C04 | WROTE OUTPUT_CHART = data\output\sales_chart_case.png
2026-06-05 21:55:36 | INFO | C04 | WROTE OUTPUT_CSV = data\output\consumed_sales.csv
2026-06-05 21:55:36 | INFO | C04 | Live chart closed.
2026-06-05 21:55:36 | INFO | C04 | ========================
2026-06-05 21:55:36 | INFO | C04 | SECTION E. Exit
2026-06-05 21:55:36 | INFO | C04 | ========================
2026-06-05 21:55:36 | INFO | C04 | Summary:
2026-06-05 21:55:36 | INFO | C04 | Consumed 3 message(s) from topic 'streaming-04-visualization-case'.
2026-06-05 21:55:36 | INFO | C04 | Skipped  0 message(s).
2026-06-05 21:55:36 | INFO | C04 | OUTPUT_CSV = data\output\consumed_sales.csv
2026-06-05 21:55:36 | INFO | C04 | OUTPUT_CHART = data\output\sales_chart_case.png
2026-06-05 21:55:36 | INFO | C04 |   Total sales:  $312.15
2026-06-05 21:55:36 | INFO | C04 |   Average sale: $104.05
2026-06-05 21:55:36 | INFO | C04 |   Minimum sale: $54.11
2026-06-05 21:55:36 | INFO | C04 |   Maximum sale: $194.82
2026-06-05 21:55:36 | INFO | C04 | ========================
2026-06-05 21:55:36 | INFO | C04 | Consumer executed successfully!
2026-06-05 21:55:36 | INFO | C04 | ========================
